here
that
This
with
room
your
from
There
north
east
this
south
west
small
have
large
looks
very
into
path
leads
some
continues
like
been
wall
lies
around
look
seems
more
ground
trail
through
dark
down
about
hallway
there
appears
walls
forest
standing
city
trees
floor
light
only
Castle
street
made
long
which
road
door
castle
many
golem
quest
over
back
looking
black
just
wafer
will
stands
water
tree
great
valley
above
place
stone
bare
relatively
side
entrance
seem
huge
hall
lead
field
quite
feet
leading
what
exit
they
find
well
ornamentation
feel
ocean
notice
where
stand
other
little
white
would
almost
guard
along
They
armor
clan
another
people
gold
than
them
inside
beautiful
make
must
main
enough
house
green
something
chamber
part
seen
temple
tunnel
area
much
could
most
used
sign
Test
their
grey
maze
blue
below
tall
home
before
entered
even
also
shop
same
center
pair
going
building
walk
eyes
yourself
wonder
covered
several
direction
tower
dumb
hear
line
nothing
strange
time
square
piece
lying
rand
mist
card
left
narrow
More
stairs
anything
ceiling
deep
directions
head
every
across
river
then
darkness
potion
astral
towards
cloud
Chakkor
help
corner
dusty
table
sword
away
each
enter
Chaos
these
Your
still
statue
dragon
giant
while
cave
tell
gate
scroll
floating
smell
think
magical
life
level
plains
wooden
middle
fire
good
walking
between
City
continue
filled
town
Syntax
though
pile
guards
sand
open
high
magic
rock
strong
might
blood
once
Some
courtyard
really
Order
machine
metal
distance
grass
being
ancient
know
golden
when
ever
violet
making
